exports[`ExplorerEmpty basic 1`] = `
<div
  className="c-explorer__placeholder">
  No results
</div>
`;
